main.c:82:6:delay_us	16	static
main.c:89:6:US_TRIG	8	static
main.c:97:6:HAL_TIM_IC_CaptureCallback	16	static
main.c:127:5:main	8	static
main.c:206:6:SystemClock_Config	88	static
main.c:249:6:PeriphCommonClock_Config	24	static
main.c:269:13:MX_I2C1_Init	8	static
main.c:303:13:MX_I2S2_Init	8	static
main.c:337:13:MX_I2S3_Init	8	static
main.c:371:13:MX_SPI1_Init	8	static
main.c:409:13:MX_TIM1_Init	32	static
main.c:458:13:MX_GPIO_Init	56	static
main.c:537:6:Error_Handler	4	static,ignoring_inline_asm
